HL
\00 7A 01\ It's hip to be \1F 08 00 7E 42 42 42 42 7E 00\ ! \00\
\FF\

