HL
\00 7A 01\ this is a [[not_existing_image_file.gif]] ! \00\
\FF\

